------------------------------------------------------------
TimeQuest Timing Analyzer Summary
------------------------------------------------------------

Type  : Slow 1100mV 85C Model Setup 'CLOCK_50'
Slack : -16.762
TNS   : -117771.444

Type  : Slow 1100mV 85C Model Hold 'CLOCK_50'
Slack : 0.450
TNS   : 0.000

Type  : Slow 1100mV 85C Model Minimum Pulse Width 'CLOCK_50'
Slack : -0.538
TNS   : -7366.863

Type  : Slow 1100mV 0C Model Setup 'CLOCK_50'
Slack : -16.535
TNS   : -115001.811

Type  : Slow 1100mV 0C Model Hold 'CLOCK_50'
Slack : 0.443
TNS   : 0.000

Type  : Slow 1100mV 0C Model Minimum Pulse Width 'CLOCK_50'
Slack : -0.538
TNS   : -7440.460

Type  : Fast 1100mV 85C Model Setup 'CLOCK_50'
Slack : -9.328
TNS   : -62814.527

Type  : Fast 1100mV 85C Model Hold 'CLOCK_50'
Slack : 0.212
TNS   : 0.000

Type  : Fast 1100mV 85C Model Minimum Pulse Width 'CLOCK_50'
Slack : -0.104
TNS   : -928.101

Type  : Fast 1100mV 0C Model Setup 'CLOCK_50'
Slack : -8.156
TNS   : -55053.291

Type  : Fast 1100mV 0C Model Hold 'CLOCK_50'
Slack : 0.194
TNS   : 0.000

Type  : Fast 1100mV 0C Model Minimum Pulse Width 'CLOCK_50'
Slack : -0.101
TNS   : -910.654

------------------------------------------------------------
